Fixed manifest enabled: 6000 scenarios loaded
Roscore launched!
Unable to register with master node [http://localhost:13801]: master may not be running yet. Will keep trying.
Gazebo launched!
[INFO] [1785555395.724224, 0.000000]: Loading model XML from ros parameter robot_description_r5
[INFO] [1785555395.726636, 0.000000]: Waiting for service /gazebo/spawn_urdf_model
[INFO] [1785555396.103796, 0.000000]: Calling service /gazebo/spawn_urdf_model
[INFO] [1785555396.871619, 0.362000]: Spawn status: SpawnModel: Successfully spawned entity
[WARN] [1785555396.978531968, 0.362000000]: GazeboRosDiffDrive Plugin (ns = ) missing <publishTf>, defaults to 1
[INFO] [1785555395.825063687]: Finished loading Gazebo ROS API Plugin.
[INFO] [1785555395.825558959]: waitForService: Service [/gazebo/set_physics_properties] has not been advertised, waiting...
[INFO] [1785555395.948563888]: waitForService: Service [/gazebo/set_physics_properties] is now available.
[INFO] [1785555395.958654232]: Physics dynamic reconfigure ready.
[INFO] [1785555396.232344282, 0.362000000]: Laser Plugin: The 'robotNamespace' param was empty
[INFO] [1785555396.232370816, 0.362000000]: Starting Laser Plugin (ns = r5)
[INFO] [1785555396.232761969, 0.362000000]: Laser Plugin (ns = r5)  <tf_prefix_>, set to ""
[INFO] [1785555396.872728160, 0.362000000]: Velodyne laser plugin missing <min_intensity>, defaults to no clipping
[INFO] [1785555396.873615148, 0.362000000]: Velodyne laser plugin ready, 16 lasers
[INFO] [1785555396.977844924, 0.362000000]: Starting plugin DiffDrive(ns = /r5/)
[INFO] [1785555396.977917756, 0.362000000]: DiffDrive(ns = /r5/): <rosDebugLevel> = Debug
[INFO] [1785555396.978256219, 0.362000000]: DiffDrive(ns = /r5/): <tf_prefix> = 
[DEBUG] [1785555396.978295344, 0.362000000]: DiffDrive(ns = /r5/): <commandTopic> = cmd_vel
[DEBUG] [1785555396.978305085, 0.362000000]: DiffDrive(ns = /r5/): <odometryTopic> = odom
[DEBUG] [1785555396.978313840, 0.362000000]: DiffDrive(ns = /r5/): <odometryFrame> = odom
[DEBUG] [1785555396.978322819, 0.362000000]: DiffDrive(ns = /r5/): <robotBaseFrame> = base_link
[DEBUG] [1785555396.978350790, 0.362000000]: DiffDrive(ns = /r5/): <publishWheelTF> = false
[DEBUG] [1785555396.978359739, 0.362000000]: DiffDrive(ns = /r5/): <publishOdomTF> = false
[DEBUG] [1785555396.978368369, 0.362000000]: DiffDrive(ns = /r5/): <publishWheelJointState> = false
[DEBUG] [1785555396.978408886, 0.362000000]: DiffDrive(ns = /r5/): <wheelSeparation> = 0.29999999999999999
[DEBUG] [1785555396.978420478, 0.362000000]: DiffDrive(ns = /r5/): <wheelDiameter> = 0.17999999999999999
[DEBUG] [1785555396.978431378, 0.362000000]: DiffDrive(ns = /r5/): <wheelAcceleration> = 1.8
[DEBUG] [1785555396.978441998, 0.362000000]: DiffDrive(ns = /r5/): <wheelTorque> = 20
[DEBUG] [1785555396.978453332, 0.362000000]: DiffDrive(ns = /r5/): <updateRate> = 50
[DEBUG] [1785555396.978486689, 0.362000000]: DiffDrive(ns = /r5/): <odometrySource> = world := 1
[DEBUG] [1785555396.978506095, 0.362000000]: DiffDrive(ns = /r5/): <leftJoint> = left_hub_joint
[DEBUG] [1785555396.978517978, 0.362000000]: DiffDrive(ns = /r5/): <rightJoint> = right_hub_joint
[INFO] [1785555396.978809946, 0.362000000]: DiffDrive(ns = /r5/): Try to subscribe to cmd_vel
[INFO] [1785555396.979915926, 0.362000000]: DiffDrive(ns = /r5/): Subscribe to cmd_vel
[INFO] [1785555396.980126858, 0.362000000]: DiffDrive(ns = /r5/): Advertise odom on odom 
[INFO] [1785555396.983774109, 0.362000000]: GazeboRosJointStatePublisher is going to publish joint: chassis_swivel_joint
[INFO] [1785555396.983785392, 0.362000000]: GazeboRosJointStatePublisher is going to publish joint: swivel_wheel_joint
[INFO] [1785555396.983789022, 0.362000000]: GazeboRosJointStatePublisher is going to publish joint: left_hub_joint
[INFO] [1785555396.983793161, 0.362000000]: GazeboRosJointStatePublisher is going to publish joint: right_hub_joint
[INFO] [1785555396.983797210, 0.362000000]: Starting GazeboRosJointStatePublisher Plugin (ns = /r5/)!, parent name: r5
[DEBUG] [1785555397.011120115, 0.383000000]: Trying to publish message of type [nav_msgs/Odometry/cd5e73d190d741a2f92e81eda573aca7] on a publisher with type [nav_msgs/Odometry/cd5e73d190d741a2f92e81eda573aca7]
[DEBUG] [1785555397.011170981, 0.383000000]: Trying to publish message of type [sensor_msgs/JointState/3066dcd76a6cfaef579bd0f34173e9fd] on a publisher with type [sensor_msgs/JointState/3066dcd76a6cfaef579bd0f34173e9fd]
[INFO] [1785555397.309868819, 0.549000000]: Laser Plugin: The 'robotNamespace' param was empty
[INFO] [1785555397.309885189, 0.549000000]: Starting Laser Plugin (ns = r3)
[INFO] [1785555397.310415275, 0.549000000]: Laser Plugin (ns = r3)  <tf_prefix_>, set to ""
[INFO] [1785555397.953616800, 0.549000000]: [WARN] [1785555397.955649112, 0.549000000]: GazeboRosDiffDrive Plugin (ns = ) missing <publishTf>, defaults to 1
[INFO] [1785555395.808370, 0.000000]: Loading model XML from ros parameter robot_description_r3
[INFO] [1785555395.810793, 0.000000]: Waiting for service /gazebo/spawn_urdf_model
[INFO] [1785555396.112715, 0.349000]: Calling service /gazebo/spawn_urdf_model
[INFO] [1785555397.955144, 0.549000]: Spawn status: SpawnModel: Successfully spawned entity
Velodyne laser plugin missing <min_intensity>, defaults to no clipping
[INFO] [1785555397.954426590, 0.549000000]: Velodyne laser plugin ready, 16 lasers
[INFO] [1785555397.955249712, 0.549000000]: Starting plugin DiffDrive(ns = /r3/)
[DEBUG] [1785555397.955259664, 0.549000000]: DiffDrive(ns = /r3/): <rosDebugLevel> = Debug
[INFO] [1785555397.955269279, 0.549000000]: DiffDrive(ns = /r3/): <rosDebugLevel> = Debug
[INFO] [1785555397.955558245, 0.549000000]: DiffDrive(ns = /r3/): <tf_prefix> = 
[DEBUG] [1785555397.955568784, 0.549000000]: DiffDrive(ns = /r3/): <commandTopic> = cmd_vel
[DEBUG] [1785555397.955573254, 0.549000000]: DiffDrive(ns = /r3/): <odometryTopic> = odom
[DEBUG] [1785555397.955577342, 0.549000000]: DiffDrive(ns = /r3/): <odometryFrame> = odom
[DEBUG] [1785555397.955581440, 0.549000000]: DiffDrive(ns = /r3/): <robotBaseFrame> = base_link
[DEBUG] [1785555397.955586758, 0.549000000]: DiffDrive(ns = /r3/): <publishWheelTF> = false
[DEBUG] [1785555397.955591649, 0.549000000]: DiffDrive(ns = /r3/): <publishOdomTF> = false
[DEBUG] [1785555397.955597001, 0.549000000]: DiffDrive(ns = /r3/): <publishWheelJointState> = false
[DEBUG] [1785555397.955606518, 0.549000000]: DiffDrive(ns = /r3/): <wheelSeparation> = 0.29999999999999999
[DEBUG] [1785555397.955611258, 0.549000000]: DiffDrive(ns = /r3/): <wheelDiameter> = 0.17999999999999999
[DEBUG] [1785555397.955617637, 0.549000000]: DiffDrive(ns = /r3/): <wheelAcceleration> = 1.8
[DEBUG] [1785555397.955623493, 0.549000000]: DiffDrive(ns = /r3/): <wheelTorque> = 20
[DEBUG] [1785555397.955627876, 0.549000000]: DiffDrive(ns = /r3/): <updateRate> = 50
[DEBUG] [1785555397.955634231, 0.549000000]: DiffDrive(ns = /r3/): <odometrySource> = world := 1
[DEBUG] [1785555397.955638664, 0.549000000]: DiffDrive(ns = /r3/): <leftJoint> = left_hub_joint
[DEBUG] [1785555397.955643348, 0.549000000]: DiffDrive(ns = /r3/): <rightJoint> = right_hub_joint
[INFO] [1785555397.955685224, 0.549000000]: DiffDrive(ns = /r3/): Try to subscribe to cmd_vel
[INFO] [1785555397.957058280, 0.549000000]: DiffDrive(ns = /r3/): Subscribe to cmd_vel
[INFO] [1785555397.957253273, 0.549000000]: DiffDrive(ns = /r3/): Advertise odom on odom 
[INFO] [1785555397.957308649, 0.549000000]: GazeboRosJointStatePublisher is going to publish joint: chassis_swivel_joint
[INFO] [1785555397.957312638, 0.549000000]: GazeboRosJointStatePublisher is going to publish joint: swivel_wheel_joint
[INFO] [1785555397.957316125, 0.549000000]: GazeboRosJointStatePublisher is going to publish joint: left_hub_joint
[INFO] [1785555397.957320168, 0.549000000]: GazeboRosJointStatePublisher is going to publish joint: right_hub_joint
[INFO] [1785555397.957323318, 0.549000000]: Starting GazeboRosJointStatePublisher Plugin (ns = /r3/)!, parent name: r3
[INFO] [1785555398.243442020, 0.718000000]: Laser Plugin: The 'robotNamespace' param was empty
[INFO] [1785555398.243460600, 0.718000000]: Starting Laser Plugin (ns = r1)
[INFO] [1785555398.243854909, 0.718000000]: Laser Plugin (ns = r1)  <tf_prefix_>, set to ""
[INFO] [1785555398.884729277, 0.718000000]: Velodyne laser plugin missing <min_intensity>, defaults to no clipping
[INFO] [1785555398.885767045, 0.718000000]: Velodyne laser plugin ready, 16 lasers
[INFO] [1785555398.886901095, 0.718000000]: Starting plugin DiffDrive(ns = /r1/)
[DEBUG] [1785555398.886911089, 0.718000000]: DiffDrive(ns = /r1/): <rosDebugLevel> = Debug
[INFO] [1785555398.886920511, 0.718000000]: DiffDrive(ns = /r1/): <rosDebugLevel> = Debug
[INFO] [1785555398.887422315, 0.718000000]: DiffDrive(ns = /r1/): <tf_prefix> = 
[DEBUG] [1785555398.887433198, 0.718000000]: DiffDrive(ns = /r1/): <commandTopic> = cmd_vel
[DEBUG] [1785555398.887437544, 0.718000000]: DiffDrive(ns = /r1/): <odometryTopic> = odom
[DEBUG] [1785555398.887441215, 0.718000000]: DiffDrive(ns = /r1/): <odometryFrame> = odom
[DEBUG] [1785555398.887445391, 0.718000000]: DiffDrive(ns = /r1/): <robotBaseFrame> = base_link
[DEBUG] [1785555398.887450313, 0.718000000]: DiffDrive(ns = /r1/): <publishWheelTF> = false
[DEBUG] [1785555398.887454037, 0.718000000]: DiffDrive(n[WARN] [1785555398.887515279, 0.718000000]: GazeboRosDiffDrive Plugin (ns = ) missing <publishTf>, defaults to 1
[INFO] [1785555395.815096, 0.000000]: Loading model XML from ros parameter robot_description_r1
[INFO] [1785555395.817799, 0.000000]: Waiting for service /gazebo/spawn_urdf_model
[INFO] [1785555396.119262, 0.355000]: Calling service /gazebo/spawn_urdf_model
[INFO] [1785555398.886911, 0.718000]: Spawn status: SpawnModel: Successfully spawned entity
[WARN] [1785555399.833450572, 0.869000000]: GazeboRosDiffDrive Plugin (ns = ) missing <publishTf>, defaults to 1
[INFO] [1785555395.816213, 0.000000]: Loading model XML from ros parameter robot_description_r4
[INFO] [1785555395.818811, 0.000000]: Waiting for service /gazebo/spawn_urdf_model
[INFO] [1785555396.120425, 0.356000]: Calling service /gazebo/spawn_urdf_model
[INFO] [1785555399.833097, 0.869000]: Spawn status: SpawnModel: Successfully spawned entity
s = /r1/): <publishOdomTF> = false
[DEBUG] [1785555398.887469184, 0.718000000]: DiffDrive(ns = /r1/): <publishWheelJointState> = false
[DEBUG] [1785555398.887477452, 0.718000000]: DiffDrive(ns = /r1/): <wheelSeparation> = 0.29999999999999999
[DEBUG] [1785555398.887482088, 0.718000000]: DiffDrive(ns = /r1/): <wheelDiameter> = 0.17999999999999999
[DEBUG] [1785555398.887486747, 0.718000000]: DiffDrive(ns = /r1/): <wheelAcceleration> = 1.8
[DEBUG] [1785555398.887491523, 0.718000000]: DiffDrive(ns = /r1/): <wheelTorque> = 20
[DEBUG] [1785555398.887495622, 0.718000000]: DiffDrive(ns = /r1/): <updateRate> = 50
[DEBUG] [1785555398.887501522, 0.718000000]: DiffDrive(ns = /r1/): <odometrySource> = world := 1
[DEBUG] [1785555398.887504974, 0.718000000]: DiffDrive(ns = /r1/): <leftJoint> = left_hub_joint
[DEBUG] [1785555398.887509345, 0.718000000]: DiffDrive(ns = /r1/): <rightJoint> = right_hub_joint
[INFO] [1785555398.887528718, 0.718000000]: DiffDrive(ns = /r1/): Try to subscribe to cmd_vel
[INFO] [1785555398.889174588, 0.718000000]: DiffDrive(ns = /r1/): Subscribe to cmd_vel
[INFO] [1785555398.889363510, 0.718000000]: DiffDrive(ns = /r1/): Advertise odom on odom 
[INFO] [1785555398.889433454, 0.718000000]: GazeboRosJointStatePublisher is going to publish joint: chassis_swivel_joint
[INFO] [1785555398.889438493, 0.718000000]: GazeboRosJointStatePublisher is going to publish joint: swivel_wheel_joint
[INFO] [1785555398.889441886, 0.718000000]: GazeboRosJointStatePublisher is going to publish joint: left_hub_joint
[INFO] [1785555398.889445574, 0.718000000]: GazeboRosJointStatePublisher is going to publish joint: right_hub_joint
[INFO] [1785555398.889449701, 0.718000000]: Starting GazeboRosJointStatePublisher Plugin (ns = /r1/)!, parent name: r1
[INFO] [1785555399.174199156, 0.869000000]: Laser Plugin: The 'robotNamespace' param was empty
[INFO] [1785555399.174225974, 0.869000000]: Starting Laser Plugin (ns = r4)
[INFO] [1785555399.174736117, 0.869000000]: Laser Plugin (ns = r4)  <tf_prefix_>, set to ""
[INFO] [1785555399.831690861, 0.869000000]: Velodyne laser plugin missing <min_intensity>, defaults to no clipping
[INFO] [1785555399.832714501, 0.869000000]: Velodyne laser plugin ready, 16 lasers
[INFO] [1785555399.833159368, 0.869000000]: Starting plugin DiffDrive(ns = /r4/)
[DEBUG] [1785555399.833170778, 0.869000000]: DiffDrive(ns = /r4/): <rosDebugLevel> = Debug
[INFO] [1785555399.833182591, 0.869000000]: DiffDrive(ns = /r4/): <rosDebugLevel> = Debug
[INFO] [1785555399.833366127, 0.869000000]: DiffDrive(ns = /r4/): <tf_prefix> = 
[DEBUG] [1785555399.833371083, 0.869000000]: DiffDrive(ns = /r4/): <commandTopic> = cmd_vel
[DEBUG] [1785555399.833376364, 0.869000000]: DiffDrive(ns = /r4/): <odometryTopic> = odom
[DEBUG] [1785555399.833381148, 0.869000000]: DiffDrive(ns = /r4/): <odometryFrame> = odom
[DEBUG] [1785555399.833385086, 0.869000000]: DiffDrive(ns = /r4/): <robotBaseFrame> = base_link
[DEBUG] [1785555399.833391790, 0.869000000]: DiffDrive(ns = /r4/): <publishWheelTF> = false
[DEBUG] [1785555399.833396371, 0.869000000]: DiffDrive(ns = /r4/): <publishOdomTF> = false
[DEBUG] [1785555399.833400215, 0.869000000]: DiffDrive(ns = /r4/): <publishWheelJointState> = false
[DEBUG] [1785555399.833407421, 0.869000000]: DiffDrive(ns = /r4/): <wheelSeparation> = 0.29999999999999999
[DEBUG] [1785555399.833412651, 0.869000000]: DiffDrive(ns = /r4/): <wheelDiameter> = 0.17999999999999999
[DEBUG] [1785555399.833418692, 0.869000000]: DiffDrive(ns = /r4/): <wheelAcceleration> = 1.8
[DEBUG] [1785555399.833423872, 0.869000000]: DiffDrive(ns = /r4/): <wheelTorque> = 20
[DEBUG] [1785555399.833428652, 0.869000000]: DiffDrive(ns = /r4/): <updateRate> = 50
[DEBUG] [1785555399.833435220, 0.869000000]: DiffDrive(ns = /r4/): <odometrySource> = world := 1
[DEBUG] [1785555399.833439675, 0.869000000]: DiffDrive(ns = /r4/): <leftJoint> = left_hub_joint
[DEBUG] [1785555399.833444660, 0.869000000]: DiffDrive(ns = /r4/): <rightJoint> = right_hub_joint
[INFO] [1785555399.833472574, 0.869000000]: DiffDrive(ns = /r4/): Try to subscribe to cmd_vel
[INFO] [178555539train_velodyne_td3_multi.py:1143: FutureWarning: You are using `torch.load` with `weights_only=False` (the current default value), which uses the default pickle module implicitly. It is possible to construct malicious pickle data which will execute arbitrary code during unpickling (See https://github.com/pytorch/pytorch/blob/main/SECURITY.md#untrusted-models for more details). In a future release, the default value for `weights_only` will be flipped to `True`. This limits the functions that could be executed during unpickling. Arbitrary objects will no longer be allowed to be loaded via this mode unless they are explicitly allowlisted by the user via `torch.serialization.add_safe_globals`. We recommend you start setting `weights_only=True` for any use case where you don't have full control of the loaded file. Please open an issue on GitHub for any issues related to this experimental feature.
  actor_state = torch.load(
Loaded initial actor parameters from: TD3_velodyne_multi_v4_curriculum_stage2_to_5a_shared_from_3d2_guarded_best
Critic is newly initialized because actor-only warm start was requested.
==============================================
Training version: dense-simple-td3-hparam-b-v1
Training process PID: 2814432
Launchfile: multi_robot_scenario_strong_interaction_pilot_5.launch
Scenario mode: manifest
Manifest path: /home/jiutian/Local-Critic-Multi-Robot-Navigation-gate/experiments/03_保留专门化/02_论文主线/datasets/fixed_v1/dense/train.json.gz
Manifest sampling: cycle
Eval manifest path: /home/jiutian/Local-Critic-Multi-Robot-Navigation-gate/experiments/03_保留专门化/02_论文主线/datasets/fixed_v1/views/dense_validation_monitor_ultrafast_v3/validation.json.gz
Seed: 20260801
Device: cuda
GPU: NVIDIA GeForce RTX 4090
Agent names: r1, r2, r3, r4, r5
Cooperative reward: True
Cooperative reward mode: average
Cooperative reward self weight: 0.8
Distance-weighted reward: True
Distance reward sigma: 2.0
Interaction safe distance: 1.2
Interaction close penalty: 0.5
Interaction stagnation penalty: 0.05
Anti-stagnation reward: False
Anti-stagnation penalty: 0.2
Anti-stagnation linear threshold: 0.05
Anti-stagnation progress threshold: 0.005
Anti-stagnation min laser: 0.35
Safe-recovery reward: False
Safe-recovery penalty: 0.2
Safe-recovery linear threshold: 0.25
Safe-recovery progress threshold: 0.003
Safe-recovery min laser: 0.6
Safe-recovery robot distance: 1.2
Safe-recovery progress bonus weight: 0.0
Safe-recovery idle penalty weight: 0.0
Progress reward weight: 10.0
Forward reward weight: 0.0
Turn penalty weight: 0.05
Obstacle penalty weight: 1.0
Base stagnation penalty weight: 0.0
Wall-clearance reward: False
Wall-clearance safe distance: 0.75
Wall-clearance penalty: 1.5
Wall-clearance speed weight: 0.8
Wall-clearance turn weight: 0.4
Robot safe distance: 0.0
Robot proximity penalty weight: 0.0
Robot proximity speed penalty weight: 0.0
Robot clearance reward weight: 0.0
Robot clearance reward max gain: 0.1
Yield-priority reward: False
Yield-priority distance: 1.0
Yield-priority goal margin: 0.25
Yield-priority stop linear: 0.25
Yield-priority penalty weight: 4.0
Yield-priority bonus weight: 1.0
Yield-priority clearance bonus weight: 2.0
Yield-priority restart bonus weight: 1.5
Yield-priority stale-wait penalty weight: 0.5
Yield-priority max wait steps: 8
Emergency-stop distance: 0.6
Emergency-stop penalty weight: 8.0
Emergency-stop bonus weight: 1.0
Local-navigation reward: False
Local-navigation heading weight: 0.4
Local-navigation wrong-way penalty: 0.25
Local-navigation turn weight: 0.25
Local-navigation near-goal distance: 0.9
Local-navigation heading error: 0.5
Local critic enabled: False
Local critic geometry only: False
Local critic context mode: legacy
Fixed physics step size: disabled
Active neighbors only: False
Actor state dim: 24
Critic state dim: 24
Local critic max neighbors: 9
Local critic context dim: 63
Best metric: full_success
Early stop patience: 0
Early stop min epochs: 0
Early stop full-success drop: 0.0
Early stop success drop: 0.0
Early stop timeout increase: 1.0
Early stop timeout absolute: None
Eval episodes: 50
Timeout terminal reward: -150.0
Eval frequency agent samples: 5000
Eval protocol ID: eval-v1|scenario=manifest|episodes=50|max_steps=300|manifest_sha256=b88d23ee4f509d4c4427303b3cab656e804a6708cb1311d747ca167b89ed18cc|sampling=cycle
Max epochs: 4
Actor learning rate: 2e-06
Actor train mode: full
Oracle interaction rollout: False
Reference Actor: TD3_velodyne_multi_v4_curriculum_stage2_to_5a_shared_from_3d2_guarded_best
Oracle target policy: False
Oracle interaction distance: 2.0
Actor interaction-only updates: False
Critic interaction fraction: 0.0
Actor gradient gate: False
Actor gradient safety distance: 1.2
Actor gradient gate batch size: 512
Actor gradient gate min samples: 32
Critic safety ranking weight: 0.0
Critic safety ranking distance: 1.0
Critic safety ranking min closing speed: 0.1
Critic safety ranking linear delta: 0.4
Critic safety ranking margin: 0.1
Safety-focused Actor updates: False
Actor safety candidate batch size: 256
Actor safety min samples: 16
Actor safety distance: 1.0
Actor safety min closing speed: 0.1
Actor slowdown safety weight: 0.0
Actor slowdown max linear action: -0.4
Actor angular anchor weight: 0.0
Actor reference acceleration cap weight: 0.0
Actor reference acceleration cap margin: 0.0
Actor trainable parameters: 501802/501802
Critic learning rate: 2e-05
Batch size: 128
Minimum replay size: 6000
Discount: 0.999
Target update tau: 0.005
Target policy noise: 0.2
Target noise clip: 0.5
Actor update delay steps: 21000
Policy freq: 2
Actor anchor weight: 0.0
Actor anchor safe-only: False
Actor anchor safe distance: 2.0
Actor Q normalization alpha: 0.0
Exploration noise: 0.05
Critic warmup exploration noise: 0.25
Exploration min: 0.02
Exploration decay steps: 100000
Exploration decay unit: environment steps
TensorBoard log dir: runs/multi_coop_Aug01_11-36-39_JiuTian-AI4090
Checkpoint path: ./checkpoints/independent_dense_actor_simple_td3_hparam_b_s20260801_latest.pt
Best checkpoint path: ./checkpoints/independent_dense_actor_simple_td3_hparam_b_s20260801_best.pt
Model prefix: independent_dense_actor_simple_td3_hparam_b_s20260801
Checkpoint interval episodes: 10
Resume mode: False
Require model load: True
Starting agent samples: 0
Starting env steps: 0
Starting epoch: 1
==============================================
[WARN] [1785555400.776267293, 1.015000000]: GazeboRosDiffDrive Plugin (ns = ) missing <publishTf>, defaults to 1
[INFO] [1785555395.821608, 0.000000]: Loading model XML from ros parameter robot_description_r2
[INFO] [1785555395.824265, 0.000000]: Waiting for service /gazebo/spawn_urdf_model
[INFO] [1785555396.126021, 0.356000]: Calling service /gazebo/spawn_urdf_model
[INFO] [1785555400.775673, 1.015000]: Spawn status: SpawnModel: Successfully spawned entity
Episode 1 complete | agent_samples=55 | env_steps=13 | episode_env_steps=13 | episode_agent_samples=55 | mean_reward=25.810 | success=3/5 | collision=2/5 | mean_final_distance=0.338 | mean_progress=0.0216 | min_laser=0.326 | mean_lin=0.799 | mean_ang=0.168 | mean_robot_dist=inf | raw_reward=-20.000 | adjusted_reward=-16.000 | coop_agents=1/5 | mean_coop_neighbors=0.40 | active_neighbor_step_rate=1.000 | mean_active_neighbors_step=2.655 | max_active_neighbors_step=4 | interaction_reward=0.0000 | abs_interaction_reward=0.0000 | anti_stag_reward=0.0000 | abs_anti_stag_reward=0.0000 | wall_clear_reward=0.0000 | abs_wall_clear_reward=0.0000 | local_nav_reward=0.0000 | abs_local_nav_reward=0.0000 | robot_proximity_reward=0.0000 | abs_robot_proximity_reward=0.0000 | robot_clearance_reward=0.0000 | abs_robot_clearance_reward=0.0000 | yield_priority_reward=0.0000 | abs_yield_priority_reward=0.0000 | context_neighbors_mean=-1.00 | context_neighbors_max=-1 | last_context_neighbors_mean=-1.00 | last_context_neighbors_max=-1 | actor_unlocked=0 | expl_noise=0.0500 | replay=55 | interaction_replay=0 | samples/sec=14.325
Episode 2 complete | agent_samples=116 | env_steps=34 | episode_env_steps=21 | episode_agent_samples=61 | mean_reward=98.405 | success=5/5 | collision=0/5 | mean_final_distance=0.269 | mean_progress=0.0090 | min_laser=0.615 | mean_lin=0.951 | mean_ang=-0.199 | mean_robot_dist=inf | raw_reward=20.000 | adjusted_reward=16.000 | coop_agents=1/5 | mean_coop_neighbors=0.60 | active_neighbor_step_rate=1.000 | mean_active_neighbors_step=2.508 | max_active_neighbors_step=4 | interaction_reward=0.0000 | abs_interaction_reward=0.0000 | anti_stag_reward=0.0000 | abs_anti_stag_reward=0.0000 | wall_clear_reward=0.0000 | abs_wall_clear_reward=0.0000 | local_nav_reward=0.0000 | abs_local_nav_reward=0.0000 | robot_proximity_reward=0.0000 | abs_robot_proximity_reward=0.0000 | robot_clearance_reward=0.0000 | abs_robot_clearance_reward=0.0000 | yield_priority_reward=0.0000 | abs_yield_priority_reward=0.0000 | context_neighbors_mean=-1.00 | context_neighbors_max=-1 | last_context_neighbors_mean=-1.00 | last_context_neighbors_max=-1 | actor_unlocked=0 | expl_noise=0.0500 | replay=116 | interaction_replay=0 | samples/sec=13.527
Episode 3 complete | agent_samples=173 | env_steps=54 | episode_env_steps=20 | episode_agent_samples=57 | mean_reward=-11.669 | success=2/5 | collision=3/5 | mean_final_distance=0.546 | mean_progress=0.0039 | min_laser=0.307 | mean_lin=0.772 | mean_ang=0.195 | mean_robot_dist=inf | raw_reward=-20.000 | adjusted_reward=-16.000 | coop_agents=1/5 | mean_coop_neighbors=0.40 | active_neighbor_step_rate=0.912 | mean_active_neighbors_step=2.474 | max_active_neighbors_step=4 | interaction_reward=0.0000 | abs_interaction_reward=0.0000 | anti_stag_reward=0.0000 | abs_anti_stag_reward=0.0000 | wall_clear_reward=0.0000 | abs_wall_clear_reward=0.0000 | local_nav_reward=0.0000 | abs_local_nav_reward=0.0000 | robot_proximity_reward=0.0000 | abs_robot_proximity_reward=0.0000 | robot_clearance_reward=0.0000 | abs_robot_clearance_reward=0.0000 | yield_priority_reward=0.0000 | abs_yield_priority_reward=0.0000 | context_neighbors_mean=-1.00 | context_neighbors_max=-1 | last_context_neighbors_mean=-1.00 | last_context_neighbors_max=-1 | actor_unlocked=0 | expl_noise=0.0500 | replay=173 | interaction_replay=0 | samples/sec=13.268
Episode 4 complete | agent_samples=250 | env_steps=75 | episode_env_steps=21 | episode_agent_samples=77 | mean_reward=101.520 | success=5/5 | collision=0/5 | mean_final_distance=0.274 | mean_progress=0.0103 | min_laser=0.649 | mean_lin=0.835 | mean_ang=0.583 | mean_robot_dist=inf | raw_reward=20.000 | adjusted_reward=16.000 | coop_agents=1/5 | mean_coop_neighbors=0.40 | active_neighbor_step_rate=1.000 | mean_active_neighbors_step=2.532 | max_active_neighbors_step=4 | interaction_reward=0.0000 | abs_interaction_reward=0.0000 | anti_stag_reward=0.0000 | abs_anti_stag_reward=0.0000 | wall_clear_reward=0.0000 | abs_wall_clear_reward=0.0000 | local_nav_reward=0.0000 | abs_local_nav_reward=0.0000 | robot_proximity_reward=0.0000 | abs_robot_proximity_reward=0.0000 | robot_clearance_reward=0.0000 | abs_robot_clearance_reward=0.0000 | yield_priority_reward=0.0000 | abs_yield_priority_reward=0.0000 | context_neighbors_mean=-1.00 | context_neighbors_max=-1 | last_context_neighbors_mean=-1.00 | last_context_neighbors_max=-1 | actor_unlocked=0 | expl_noise=0.0500 | replay=250 | interaction_replay=0 | samples/sec=14.053
Episode 5 complete | agent_samples=416 | env_steps=148 | episode_env_steps=73 | episode_agent_samples=166 | mean_reward=20.001 | success=3/5 | collision=2/5 | mean_final_distance=0.521 | mean_progress=0.0219 | min_laser=0.319 | mean_lin=0.679 | mean_ang=-0.551 | mean_robot_dist=inf | raw_reward=20.000 | adjusted_reward=16.000 | coop_agents=1/5 | mean_coop_neighbors=0.80 | active_neighbor_step_rate=0.867 | mean_active_neighbors_step=2.277 | max_active_neighbors_step=4 | interaction_reward=0.0000 | abs_interaction_reward=0.0000 | anti_stag_reward=0.0000 | abs_anti_stag_reward=0.0000 | wall_clear_reward=0.0000 | abs_wall_clear_reward=0.0000 | local_nav_reward=0.0000 | abs_local_nav_reward=0.0000 | robot_proximity_reward=0.0000 | abs_robot_proximity_reward=0.0000 | robot_clearance_reward=0.0000 | abs_robot_clearance_reward=0.0000 | yield_priority_reward=0.0000 | abs_yield_priority_reward=0.0000 | context_neighbors_mean=-1.00 | context_neighbors_max=-1 | last_context_neighbors_mean=-1.00 | last_context_neighbors_max=-1 | actor_unlocked=0 | expl_noise=0.0500 | replay=416 | interaction_replay=0 | samples/sec=12.300
Status | epoch=1 | next_eval_in=4584 agent_samples | checkpoint_every=10 episodes | checkpoint=./checkpoints/independent_dense_actor_simple_td3_hparam_b_s20260801_latest.pt | model=independent_dense_actor_simple_td3_hparam_b_s20260801
Coverage | unique_train_scenarios=5/6000 | deep=0 | close=0 | margin=0
Episode 6 complete | agent_samples=465 | env_steps=169 | episode_env_steps=21 | episode_agent_samples=49 | mean_reward=-58.265 | success=1/5 | collision=4/5 | mean_final_distance=0.825 | mean_progress=0.0121 | min_laser=0.306 | mean_lin=0.827 | mean_ang=0.878 | mean_robot_dist=inf | raw_reward=20.000 | adjusted_reward=20.000 | coop_agents=0/5 | mean_coop_neighbors=0.00 | active_neighbor_step_rate=0.980 | mean_active_neighbors_step=2.694 | max_active_neighbors_step=4 | interaction_reward=0.0000 | abs_interaction_reward=0.0000 | anti_stag_reward=0.0000 | abs_anti_stag_reward=0.0000 | wall_clear_reward=0.0000 | abs_wall_clear_reward=0.0000 | local_nav_reward=0.0000 | abs_local_nav_reward=0.0000 | robot_proximity_reward=0.0000 | abs_robot_proximity_reward=0.0000 | robot_clearance_reward=0.0000 | abs_robot_clearance_reward=0.0000 | yield_priority_reward=0.0000 | abs_yield_priority_reward=0.0000 | context_neighbors_mean=-1.00 | context_neighbors_max=-1 | last_context_neighbors_mean=-1.00 | last_context_neighbors_max=-1 | actor_unlocked=0 | expl_noise=0.0499 | replay=465 | interaction_replay=0 | samples/sec=12.080
Episode 7 complete | agent_samples=559 | env_steps=221 | episode_env_steps=52 | episode_agent_samples=94 | mean_reward=14.427 | success=3/5 | collision=2/5 | mean_final_distance=0.450 | mean_progress=0.0049 | min_laser=0.300 | mean_lin=0.798 | mean_ang=-0.860 | mean_robot_dist=inf | raw_reward=20.000 | adjusted_reward=16.000 | coop_agents=1/5 | mean_coop_neighbors=0.40 | active_neighbor_step_rate=1.000 | mean_active_neighbors_step=2.617 | max_active_neighbors_step=4 | interaction_reward=0.0000 | abs_interaction_reward=0.0000 | anti_stag_reward=0.0000 | abs_anti_stag_reward=0.0000 | wall_clear_reward=0.0000 | abs_wall_clear_reward=0.0000 | local_nav_reward=0.0000 | abs_local_nav_reward=0.0000 | robot_proximity_reward=0.0000 | abs_robot_proximity_reward=0.0000 | robot_clearance_reward=0.0000 | abs_robot_clearance_reward=0.0000 | yield_priority_reward=0.0000 | abs_yield_priority_reward=0.0000 | context_neighbors_mean=-1.00 | context_neighbors_max=-1 | last_context_neighbors_mean=-1.00 | last_context_neighbors_max=-1 | actor_unlocked=0 | expl_noise=0.0499 | replay=559 | interaction_replay=0 | samples/sec=11.197
Episode 8 complete | agent_samples=608 | env_steps=233 | episode_env_steps=12 | episode_agent_samples=49 | mean_reward=64.208 | success=4/5 | collision=1/5 | mean_final_distance=0.478 | mean_progress=0.0163 | min_laser=0.312 | mean_lin=0.886 | mean_ang=0.438 | mean_robot_dist=inf | raw_reward=20.000 | adjusted_reward=16.000 | coop_agents=1/5 | mean_coop_neighbors=0.20 | active_neighbor_step_rate=0.918 | mean_active_neighbors_step=2.694 | max_active_neighbors_step=4 | interaction_reward=0.0000 | abs_interaction_reward=0.0000 | anti_stag_reward=0.0000 | abs_anti_stag_reward=0.0000 | wall_clear_reward=0.0000 | abs_wall_clear_reward=0.0000 | local_nav_reward=0.0000 | abs_local_nav_reward=0.0000 | robot_proximity_reward=0.0000 | abs_robot_proximity_reward=0.0000 | robot_clearance_reward=0.0000 | abs_robot_clearance_reward=0.0000 | yield_priority_reward=0.0000 | abs_yield_priority_reward=0.0000 | context_neighbors_mean=-1.00 | context_neighbors_max=-1 | last_context_neighbors_mean=-1.00 | last_context_neighbors_max=-1 | actor_unlocked=0 | expl_noise=0.0499 | replay=608 | interaction_replay=0 | samples/sec=11.537
9.834229681, 0.869000000]: DiffDrive(ns = /r4/): Subscribe to cmd_vel
[INFO] [1785555399.834557637, 0.869000000]: DiffDrive(ns = /r4/): Advertise odom on odom 
[INFO] [1785555399.834621724, 0.869000000]: GazeboRosJointStatePublisher is going to publish joint: chassis_swivel_joint
[INFO] [1785555399.834626842, 0.869000000]: GazeboRosJointStatePublisher is going to publish joint: swivel_wheel_joint
[INFO] [1785555399.834631706, 0.869000000]: GazeboRosJointStatePublisher is going to publish joint: left_hub_joint
[INFO] [1785555399.834635682, 0.869000000]: GazeboRosJointStatePublisher is going to publish joint: right_hub_joint
[INFO] [1785555399.834639738, 0.869000000]: Starting GazeboRosJointStatePublisher Plugin (ns = /r4/)!, parent name: r4
[INFO] [1785555400.124237556, 1.015000000]: Laser Plugin: The 'robotNamespace' param was empty
[INFO] [1785555400.124265504, 1.015000000]: Starting Laser Plugin (ns = r2)
[INFO] [1785555400.124665747, 1.015000000]: Laser Plugin (ns = r2)  <tf_prefix_>, set to ""
[INFO] [1785555400.773875393, 1.015000000]: Velodyne laser plugin missing <min_intensity>, defaults to no clipping
[INFO] [1785555400.774517072, 1.015000000]: Velodyne laser plugin ready, 16 lasers
[INFO] [1785555400.775893598, 1.015000000]: Starting plugin DiffDrive(ns = /r2/)
[DEBUG] [1785555400.775904043, 1.015000000]: DiffDrive(ns = /r2/): <rosDebugLevel> = Debug
[INFO] [1785555400.775914298, 1.015000000]: DiffDrive(ns = /r2/): <rosDebugLevel> = Debug
[INFO] [1785555400.776166106, 1.015000000]: DiffDrive(ns = /r2/): <tf_prefix> = 
[DEBUG] [1785555400.776177874, 1.015000000]: DiffDrive(ns = /r2/): <commandTopic> = cmd_vel
[DEBUG] [1785555400.776182886, 1.015000000]: DiffDrive(ns = /r2/): <odometryTopic> = odom
[DEBUG] [1785555400.776186948, 1.015000000]: DiffDrive(ns = /r2/): <odometryFrame> = odom
[DEBUG] [1785555400.776192098, 1.015000000]: DiffDrive(ns = /r2/): <robotBaseFrame> = base_link
[DEBUG] [1785555400.776198325, 1.015000000]: DiffDrive(ns = /r2/): <publishWheelTF> = false
[DEBUG] [1785555400.776202681, 1.015000000]: DiffDrive(ns = /r2/): <publishOdomTF> = false
[DEBUG] [1785555400.776207915, 1.015000000]: DiffDrive(ns = /r2/): <publishWheelJointState> = false
[DEBUG] [1785555400.776218031, 1.015000000]: DiffDrive(ns = /r2/): <wheelSeparation> = 0.29999999999999999
[DEBUG] [1785555400.776223505, 1.015000000]: DiffDrive(ns = /r2/): <wheelDiameter> = 0.17999999999999999
[DEBUG] [1785555400.776230042, 1.015000000]: DiffDrive(ns = /r2/): <wheelAcceleration> = 1.8
[DEBUG] [1785555400.776234703, 1.015000000]: DiffDrive(ns = /r2/): <wheelTorque> = 20
[DEBUG] [1785555400.776242043, 1.015000000]: DiffDrive(ns = /r2/): <updateRate> = 50
[DEBUG] [1785555400.776249140, 1.015000000]: DiffDrive(ns = /r2/): <odometrySource> = world := 1
[DEBUG] [1785555400.776253952, 1.015000000]: DiffDrive(ns = /r2/): <leftJoint> = left_hub_joint
[DEBUG] [1785555400.776259905, 1.015000000]: DiffDrive(ns = /r2/): <rightJoint> = right_hub_joint
[INFO] [1785555400.776288174, 1.015000000]: DiffDrive(ns = /r2/): Try to subscribe to cmd_vel
[INFO] [1785555400.778105606, 1.015000000]: DiffDrive(ns = /r2/): Subscribe to cmd_vel
[INFO] [1785555400.778308459, 1.015000000]: DiffDrive(ns = /r2/): Advertise odom on odom 
[INFO] [1785555400.778365445, 1.015000000]: GazeboRosJointStatePublisher is going to publish joint: chassis_swivel_joint
[INFO] [1785555400.778369988, 1.015000000]: GazeboRosJointStatePublisher is going to publish joint: swivel_wheel_joint
[INFO] [1785555400.778375324, 1.015000000]: GazeboRosJointStatePublisher is going to publish joint: left_hub_joint
[INFO] [1785555400.778378876, 1.015000000]: GazeboRosJointStatePublisher is going to publish joint: right_hub_joint
[INFO] [1785555400.778382372, 1.015000000]: Starting GazeboRosJointStatePublisher Plugin (ns = /r2/)!, parent name: r2
... logging to /home/jiutian/.ros/log/3180eee8-8d5a-11f1-859c-f36468cdae36/roslaunch-JiuTian-AI4090-2814512.log
Checking log directory for disk usage. This may take a while.
Press Ctrl-C to interrupt
Done checking log file disk usage. Usage is <1GB.
]2;/home/jiutian/Local-Critic-Multi-Robot-Navigation-gate/TD3/assets/multi_robot_scenario_strong_interaction_pilot_5.launch
[1mstarted roslaunch server http://localhost:41475/[0m

SUMMARY
========

PARAMETERS
 * /robot_description_r1: <?xml version="1....
 * /robot_description_r2: <?xml version="1....
 * /robot_description_r3: <?xml version="1....
 * /robot_description_r4: <?xml version="1....
 * /robot_description_r5: <?xml version="1....
 * /rosdistro: noetic
 * /rosversion: 1.17.4
 * /use_sim_time: True

NODES
  /
    gazebo (gazebo_ros/gzserver)
    urdf_spawner_r1 (gazebo_ros/spawn_model)
    urdf_spawner_r2 (gazebo_ros/spawn_model)
    urdf_spawner_r3 (gazebo_ros/spawn_model)
    urdf_spawner_r4 (gazebo_ros/spawn_model)
    urdf_spawner_r5 (gazebo_ros/spawn_model)

[1mROS_MASTER_URI=http://localhost:13801/[0m
]2;/home/jiutian/Local-Critic-Multi-Robot-Navigation-gate/TD3/assets/multi_robot_scenario_strong_interaction_pilot_5.launch http://localhost:13801/
[1mprocess[gazebo-1]: started with pid [2814703][0m
[1mprocess[urdf_spawner_r1-2]: started with pid [2814707][0m
[1mprocess[urdf_spawner_r2-3]: started with pid [2814709][0m
[1mprocess[urdf_spawner_r3-4]: started with pid [2814710][0m
[1mprocess[urdf_spawner_r4-5]: started with pid [2814711][0m
[1mprocess[urdf_spawner_r5-6]: started with pid [2814712][0m
[1m[urdf_spawner_r5-6] process has finished cleanly
log file: /home/jiutian/.ros/log/3180eee8-8d5a-11f1-859c-f36468cdae36/urdf_spawner_r5-6*.log[0m
[1m[urdf_spawner_r3-4] process has finished cleanly
log file: /home/jiutian/.ros/log/3180eee8-8d5a-11f1-859c-f36468cdae36/urdf_spawner_r3-4*.log[0m
[1m[urdf_spawner_r1-2] process has finished cleanly
log file: /home/jiutian/.ros/log/3180eee8-8d5a-11f1-859c-f36468cdae36/urdf_spawner_r1-2*.log[0m
[1m[urdf_spawner_r4-5] process has finished cleanly
log file: /home/jiutian/.ros/log/3180eee8-8d5a-11f1-859c-f36468cdae36/urdf_spawner_r4-5*.log[0m
[1m[urdf_spawner_r2-3] process has finished cleanly
log file: /home/jiutian/.ros/log/3180eee8-8d5a-11f1-859c-f36468cdae36/urdf_spawner_r2-3*.log[0m
[gazebo-1] killing on exit
shutting down processing monitor...
... shutting down processing monitor complete
[1mdone[0m
... logging to /home/jiutian/.ros/log/3180eee8-8d5a-11f1-859c-f36468cdae36/roslaunch-JiuTian-AI4090-2814470.log
Checking log directory for disk usage. This may take a while.
Press Ctrl-C to interrupt
Done checking log file disk usage. Usage is <1GB.
]2;roscore
[1mstarted roslaunch server http://localhost:33373/[0m
ros_comm version 1.17.4


SUMMARY
========

PARAMETERS
 * /rosdistro: noetic
 * /rosversion: 1.17.4

NODES

auto-starting new master
[1mprocess[master]: started with pid [2814492][0m
[1mROS_MASTER_URI=http://localhost:13801/[0m
]2;roscore http://localhost:13801/
[1msetting /run_id to 3180eee8-8d5a-11f1-859c-f36468cdae36[0m
[1mprocess[rosout-1]: started with pid [2814503][0m
started core service [/rosout]
[rosout-1] killing on exit
[master] killing on exit
shutting down processing monitor...
... shutting down processing monitor complete
[1mdone[0m
Traceback (most recent call last):
  File "train_velodyne_td3_multi.py", line 2875, in <module>
    next_states, rewards, dones, targets, collisions = env.step(
  File "/home/jiutian/Local-Critic-Multi-Robot-Navigation-gate/TD3/multi_agent_velodyne_env.py", line 1994, in step
    rospy.wait_for_service("/gazebo/pause_physics")
  File "/opt/ros/noetic/lib/python3/dist-packages/rospy/impl/tcpros_service.py", line 166, in wait_for_service
    raise ROSInterruptException("rospy shutdown")
rospy.exceptions.ROSInterruptException: rospy shutdown
